// Jest Snapshot v1, https://goo.gl/fbAQLP

exports[`matches snapshot 1`] = `
<svg
  viewBox="0 0 100 100"
>
  <g
    onClick={[Function]}
    style={
      Object {
        "cursor": "default",
        "fontSize": "7px",
      }
    }
  >
    <rect
      fill="white"
      height={8}
      stroke="#333"
      strokeWidth={0.2}
      width={8}
      x={1}
      y={1}
    />
    <text
      dominantBaseline="middle"
      style={
        Object {
          "fill": "#666",
        }
      }
      textAnchor="middle"
      x={4}
      y={5}
    >
      
    </text>
  </g>
</svg>
`;
