// Jest Snapshot v1, https://goo.gl/fbAQLP

exports[`matches snapshot 1`] = `
Array [
  <div
    className="direction"
  >
    <h3
      className="header"
    >
      ACROSS
    </h3>
  </div>,
  <div
    className="direction"
  >
    <h3
      className="header"
    >
      DOWN
    </h3>
  </div>,
]
`;
